Archive member included to satisfy reference by file (symbol)

c:/st/stm32cubeide_1.8.0/stm32cubeide/plugins/com.st.stm32cube.ide.mcu.externaltools.gnu-tools-for-stm32.9-2020-q2-update.win32_2.0.0.202105311346/tools/bin/../lib/gcc/arm-none-eabi/9.3.1/../../../../arm-none-eabi/lib/thumb/v7e-m+fp/hard\libc_nano.a(lib_a-errno.o)
                              ./Core/Src/syscalls.o (__errno)
c:/st/stm32cubeide_1.8.0/stm32cubeide/plugins/com.st.stm32cube.ide.mcu.externaltools.gnu-tools-for-stm32.9-2020-q2-update.win32_2.0.0.202105311346/tools/bin/../lib/gcc/arm-none-eabi/9.3.1/../../../../arm-none-eabi/lib/thumb/v7e-m+fp/hard\libc_nano.a(lib_a-exit.o)
                              c:/st/stm32cubeide_1.8.0/stm32cubeide/plugins/com.st.stm32cube.ide.mcu.externaltools.gnu-tools-for-stm32.9-2020-q2-update.win32_2.0.0.202105311346/tools/bin/../lib/gcc/arm-none-eabi/9.3.1/../../../../arm-none-eabi/lib/thumb/v7e-m+fp/hard/crt0.o (exit)
c:/st/stm32cubeide_1.8.0/stm32cubeide/plugins/com.st.stm32cube.ide.mcu.externaltools.gnu-tools-for-stm32.9-2020-q2-update.win32_2.0.0.202105311346/tools/bin/../lib/gcc/arm-none-eabi/9.3.1/../../../../arm-none-eabi/lib/thumb/v7e-m+fp/hard\libc_nano.a(lib_a-impure.o)
                              c:/st/stm32cubeide_1.8.0/stm32cubeide/plugins/com.st.stm32cube.ide.mcu.externaltools.gnu-tools-for-stm32.9-2020-q2-update.win32_2.0.0.202105311346/tools/bin/../lib/gcc/arm-none-eabi/9.3.1/../../../../arm-none-eabi/lib/thumb/v7e-m+fp/hard\libc_nano.a(lib_a-exit.o) (_global_impure_ptr)
c:/st/stm32cubeide_1.8.0/stm32cubeide/plugins/com.st.stm32cube.ide.mcu.externaltools.gnu-tools-for-stm32.9-2020-q2-update.win32_2.0.0.202105311346/tools/bin/../lib/gcc/arm-none-eabi/9.3.1/../../../../arm-none-eabi/lib/thumb/v7e-m+fp/hard\libc_nano.a(lib_a-init.o)
                              c:/st/stm32cubeide_1.8.0/stm32cubeide/plugins/com.st.stm32cube.ide.mcu.externaltools.gnu-tools-for-stm32.9-2020-q2-update.win32_2.0.0.202105311346/tools/bin/../lib/gcc/arm-none-eabi/9.3.1/../../../../arm-none-eabi/lib/thumb/v7e-m+fp/hard/crt0.o (__libc_init_array)
c:/st/stm32cubeide_1.8.0/stm32cubeide/plugins/com.st.stm32cube.ide.mcu.externaltools.gnu-tools-for-stm32.9-2020-q2-update.win32_2.0.0.202105311346/tools/bin/../lib/gcc/arm-none-eabi/9.3.1/../../../../arm-none-eabi/lib/thumb/v7e-m+fp/hard\libc_nano.a(lib_a-memset.o)
                              c:/st/stm32cubeide_1.8.0/stm32cubeide/plugins/com.st.stm32cube.ide.mcu.externaltools.gnu-tools-for-stm32.9-2020-q2-update.win32_2.0.0.202105311346/tools/bin/../lib/gcc/arm-none-eabi/9.3.1/../../../../arm-none-eabi/lib/thumb/v7e-m+fp/hard/crt0.o (memset)
c:/st/stm32cubeide_1.8.0/stm32cubeide/plugins/com.st.stm32cube.ide.mcu.externaltools.gnu-tools-for-stm32.9-2020-q2-update.win32_2.0.0.202105311346/tools/bin/../lib/gcc/arm-none-eabi/9.3.1/thumb/v7e-m+fp/hard\libgcc.a(_aeabi_uldivmod.o)
                              ./Drivers/STM32F4xx_HAL_Driver/Src/stm32f4xx_hal_rcc.o (__aeabi_uldivmod)
c:/st/stm32cubeide_1.8.0/stm32cubeide/plugins/com.st.stm32cube.ide.mcu.externaltools.gnu-tools-for-stm32.9-2020-q2-update.win32_2.0.0.202105311346/tools/bin/../lib/gcc/arm-none-eabi/9.3.1/thumb/v7e-m+fp/hard\libgcc.a(_udivmoddi4.o)
                              c:/st/stm32cubeide_1.8.0/stm32cubeide/plugins/com.st.stm32cube.ide.mcu.externaltools.gnu-tools-for-stm32.9-2020-q2-update.win32_2.0.0.202105311346/tools/bin/../lib/gcc/arm-none-eabi/9.3.1/thumb/v7e-m+fp/hard\libgcc.a(_aeabi_uldivmod.o) (__udivmoddi4)
c:/st/stm32cubeide_1.8.0/stm32cubeide/plugins/com.st.stm32cube.ide.mcu.externaltools.gnu-tools-for-stm32.9-2020-q2-update.win32_2.0.0.202105311346/tools/bin/../lib/gcc/arm-none-eabi/9.3.1/thumb/v7e-m+fp/hard\libgcc.a(_dvmd_tls.o)
                              c:/st/stm32cubeide_1.8.0/stm32cubeide/plugins/com.st.stm32cube.ide.mcu.externaltools.gnu-tools-for-stm32.9-2020-q2-update.win32_2.0.0.202105311346/tools/bin/../lib/gcc/arm-none-eabi/9.3.1/thumb/v7e-m+fp/hard\libgcc.a(_aeabi_uldivmod.o) (__aeabi_ldiv0)

Allocating common symbols
Common symbol       size              file

_lcd_drivOut        0x2               ./Core/Src/tft.o
_MW                 0x2               ./Core/Src/tft.o
_lcd_capable        0x2               ./Core/Src/tft.o
_SP                 0x2               ./Core/Src/tft.o
_lcd_rev            0x2               ./Core/Src/tft.o
uwTick              0x4               ./Drivers/STM32F4xx_HAL_Driver/Src/stm32f4xx_hal.o
pFlash              0x20              ./Drivers/STM32F4xx_HAL_Driver/Src/stm32f4xx_hal_flash.o
_MP                 0x2               ./Core/Src/tft.o
cState              0x1               ./Core/Src/main.o
gfxFont             0x4               ./Core/Src/fonts.o
_MC                 0x2               ./Core/Src/tft.o
_SC                 0x2               ./Core/Src/tft.o
_EP                 0x2               ./Core/Src/tft.o
htim1               0x48              ./Core/Src/main.o
_lcd_ID             0x2               ./Core/Src/tft.o
[...]
Memory Configuration

Name             Origin             Length             Attributes
RAM              0x0000000020000000 0x0000000000020000 xrw
FLASH            0x0000000008000000 0x0000000000080000 xr
*default*        0x0000000000000000 0xffffffffffffffff

Linker script and memory map

LOAD c:/st/stm32cubeide_1.8.0/stm32cubeide/plugins/com.st.stm32cube.ide.mcu.externaltools.gnu-tools-for-stm32.9-2020-q2-update.win32_2.0.0.202105311346/tools/bin/../lib/gcc/arm-none-eabi/9.3.1/thumb/v7e-m+fp/hard/crti.o
LOAD c:/st/stm32cubeide_1.8.0/stm32cubeide/plugins/com.st.stm32cube.ide.mcu.externaltools.gnu-tools-for-stm32.9-2020-q2-update.win32_2.0.0.202105311346/tools/bin/../lib/gcc/arm-none-eabi/9.3.1/thumb/v7e-m+fp/hard/crtbegin.o
LOAD c:/st/stm32cubeide_1.8.0/stm32cubeide/plugins/com.st.stm32cube.ide.mcu.externaltools.gnu-tools-for-stm32.9-2020-q2-update.win32_2.0.0.202105311346/tools/bin/../lib/gcc/arm-none-eabi/9.3.1/../../../../arm-none-eabi/lib/thumb/v7e-m+fp/hard/crt0.o
LOAD ./Core/Src/Andre.o
LOAD ./Core/Src/fonts.o
LOAD ./Core/Src/fosforo.o
LOAD ./Core/Src/main.o
LOAD ./Core/Src/stm32f4xx_hal_msp.o
LOAD ./Core/Src/stm32f4xx_it.o
LOAD ./Core/Src/syscalls.o
LOAD ./Core/Src/sysmem.o
LOAD ./Core/Src/system_stm32f4xx.o
LOAD ./Core/Src/tft.o
LOAD ./Core/Startup/startup_stm32f446retx.o
LOAD ./Drivers/STM32F4xx_HAL_Driver/Src/stm32f4xx_hal.o
LOAD ./Drivers/STM32F4xx_HAL_Driver/Src/stm32f4xx_hal_cortex.o
LOAD ./Drivers/STM32F4xx_HAL_Driver/Src/stm32f4xx_hal_dma.o
LOAD ./Drivers/STM32F4xx_HAL_Driver/Src/stm32f4xx_hal_dma_ex.o
LOAD ./Drivers/STM32F4xx_HAL_Driver/Src/stm32f4xx_hal_exti.o
LOAD ./Drivers/STM32F4xx_HAL_Driver/Src/stm32f4xx_hal_flash.o
LOAD ./Drivers/STM32F4xx_HAL_Driver/Src/stm32f4xx_hal_flash_ex.o
LOAD ./Drivers/STM32F4xx_HAL_Driver/Src/stm32f4xx_hal_flash_ramfunc.o
LOAD ./Drivers/STM32F4xx_HAL_Driver/Src/stm32f4xx_hal_gpio.o
LOAD ./Drivers/STM32F4xx_HAL_Driver/Src/stm32f4xx_hal_pwr.o
LOAD ./Drivers/STM32F4xx_HAL_Driver/Src/stm32f4xx_hal_pwr_ex.o
LOAD ./Drivers/STM32F4xx_HAL_Driver/Src/stm32f4xx_hal_rcc.o
LOAD ./Drivers/STM32F4xx_HAL_Driver/Src/stm32f4xx_hal_rcc_ex.o
LOAD ./Drivers/STM32F4xx_HAL_Driver/Src/stm32f4xx_hal_tim.o
LOAD ./Drivers/STM32F4xx_HAL_Driver/Src/stm32f4xx_hal_tim_ex.o
LOAD ./Drivers/STM32F4xx_HAL_Driver/Src/stm32f4xx_hal_uart.o
START GROUP
LOAD c:/st/stm32cubeide_1.8.0/stm32cubeide/plugins/com.st.stm32cube.ide.mcu.externaltools.gnu-tools-for-stm32.9-2020-q2-update.win32_2.0.0.202105311346/tools/bin/../lib/gcc/arm-none-eabi/9.3.1/../../../../arm-none-eabi/lib/thumb/v7e-m+fp/hard\libc_nano.a
LOAD c:/st/stm32cubeide_1.8.0/stm32cubeide/plugins/com.st.stm32cube.ide.mcu.externaltools.gnu-tools-for-stm32.9-2020-q2-update.win32_2.0.0.202105311346/tools/bin/../lib/gcc/arm-none-eabi/9.3.1/../../../../arm-none-eabi/lib/thumb/v7e-m+fp/hard\libm.a
END GROUP
START GROUP
LOAD c:/st/stm32cubeide_1.8.0/stm32cubeide/plugins/com.st.stm32cube.ide.mcu.externaltools.gnu-tools-for-stm32.9-2020-q2-update.win32_2.0.0.202105311346/tools/bin/../lib/gcc/arm-none-eabi/9.3.1/thumb/v7e-m+fp/hard\libgcc.a
LOAD c:/st/stm32cubeide_1.8.0/stm32cubeide/plugins/com.st.stm32cube.ide.mcu.externaltools.gnu-tools-for-stm32.9-2020-q2-update.win32_2.0.0.202105311346/tools/bin/../lib/gcc/arm-none-eabi/9.3.1/../../../../arm-none-eabi/lib/thumb/v7e-m+fp/hard\libc_nano.a
END GROUP
START GROUP
LOAD c:/st/stm32cubeide_1.8.0/stm32cubeide/plugins/com.st.stm32cube.ide.mcu.externaltools.gnu-tools-for-stm32.9-2020-q2-update.win32_2.0.0.202105311346/tools/bin/../lib/gcc/arm-none-eabi/9.3.1/thumb/v7e-m+fp/hard\libgcc.a
LOAD c:/st/stm32cubeide_1.8.0/stm32cubeide/plugins/com.st.stm32cube.ide.mcu.externaltools.gnu-tools-for-stm32.9-2020-q2-update.win32_2.0.0.202105311346/tools/bin/../lib/gcc/arm-none-eabi/9.3.1/../../../../arm-none-eabi/lib/thumb/v7e-m+fp/hard\libc_nano.a
LOAD c:/st/stm32cubeide_1.8.0/stm32cubeide/plugins/com.st.stm32cube.ide.mcu.externaltools.gnu-tools-for-stm32.9-2020-q2-update.win32_2.0.0.202105311346/tools/bin/../lib/gcc/arm-none-eabi/9.3.1/../../../../arm-none-eabi/lib/thumb/v7e-m+fp/hard\libnosys.a
END GROUP
START GROUP
LOAD c:/st/stm32cubeide_1.8.0/stm32cubeide/plugins/com.st.stm32cube.ide.mcu.externaltools.gnu-tools-for-stm32.9-2020-q2-update.win32_2.0.0.202105311346/tools/bin/../lib/gcc/arm-none-eabi/9.3.1/thumb/v7e-m+fp/hard\libgcc.a
LOAD c:/st/stm32cubeide_1.8.0/stm32cubeide/plugins/com.st.stm32cube.ide.mcu.externaltools.gnu-tools-for-stm32.9-2020-q2-update.win32_2.0.0.202105311346/tools/bin/../lib/gcc/arm-none-eabi/9.3.1/../../../../arm-none-eabi/lib/thumb/v7e-m+fp/hard\libc_nano.a
LOAD c:/st/stm32cubeide_1.8.0/stm32cubeide/plugins/com.st.stm32cube.ide.mcu.externaltools.gnu-tools-for-stm32.9-2020-q2-update.win32_2.0.0.202105311346/tools/bin/../lib/gcc/arm-none-eabi/9.3.1/../../../../arm-none-eabi/lib/thumb/v7e-m+fp/hard\libnosys.a
END GROUP
LOAD c:/st/stm32cubeide_1.8.0/stm32cubeide/plugins/com.st.stm32cube.ide.mcu.externaltools.gnu-tools-for-stm32.9-2020-q2-update.win32_2.0.0.202105311346/tools/bin/../lib/gcc/arm-none-eabi/9.3.1/thumb/v7e-m+fp/hard/crtend.o
LOAD c:/st/stm32cubeide_1.8.0/stm32cubeide/plugins/com.st.stm32cube.ide.mcu.externaltools.gnu-tools-for-stm32.9-2020-q2-update.win32_2.0.0.202105311346/tools/bin/../lib/gcc/arm-none-eabi/9.3.1/thumb/v7e-m+fp/hard/crtn.o
                0x0000000020020000                _estack = (ORIGIN (RAM) + LENGTH (RAM))
                0x0000000000000200                _Min_Heap_Size = 0x200
                0x0000000000000400                _Min_Stack_Size = 0x400

.isr_vector     0x0000000008000000      0x1c4
                0x0000000008000000                . = ALIGN (0x4)
 *(.isr_vector)
 .isr_vector    0x0000000008000000      0x1c4 ./Core/Startup/startup_stm32f446retx.o
                0x0000000008000000                g_pfnVectors
                0x00000000080001c4                . = ALIGN (0x4)

.text           0x00000000080001c4     0x6424
                0x00000000080001c4                . = ALIGN (0x4)
 *(.text)
 .text          0x00000000080001c4       0x40 c:/st/stm32cubeide_1.8.0/stm32cubeide/plugins/com.st.stm32cube.ide.mcu.externaltools.gnu-tools-for-stm32.9-2020-q2-update.win32_2.0.0.202105311346/tools/bin/../lib/gcc/arm-none-eabi/9.3.1/thumb/v7e-m+fp/hard/crtbegin.o
 .text          0x0000000008000204       0x30 c:/st/stm32cubeide_1.8.0/stm32cubeide/plugins/com.st.stm32cube.ide.mcu.externaltools.gnu-tools-for-stm32.9-2020-q2-update.win32_2.0.0.202105311346/tools/bin/../lib/gcc/arm-none-eabi/9.3.1/thumb/v7e-m+fp/hard\libgcc.a(_aeabi_uldivmod.o)
                0x0000000008000204                __aeabi_uldivmod
 .text          0x0000000008000234      0x2c4 c:/st/stm32cubeide_1.8.0/stm32cubeide/plugins/com.st.stm32cube.ide.mcu.externaltools.gnu-tools-for-stm32.9-2020-q2-update.win32_2.0.0.202105311346/tools/bin/../lib/gcc/arm-none-eabi/9.3.1/thumb/v7e-m+fp/hard\libgcc.a(_udivmoddi4.o)
                0x0000000008000234                __udivmoddi4
 .text          0x00000000080004f8        0x4 c:/st/stm32cubeide_1.8.0/stm32cubeide/plugins/com.st.stm32cube.ide.mcu.externaltools.gnu-tools-for-stm32.9-2020-q2-update.win32_2.0.0.202105311346/tools/bin/../lib/gcc/arm-none-eabi/9.3.1/thumb/v7e-m+fp/hard\libgcc.a(_dvmd_tls.o)
                0x00000000080004f8                __aeabi_idiv0
                0x00000000080004f8                __aeabi_ldiv0
 *(.text*)
 .text.main     0x00000000080004fc      0x1f4 ./Core/Src/main.o
                0x00000000080004fc                main
 .text.SystemClock_Config
                0x00000000080006f0       0xdc ./Core/Src/main.o
                0x00000000080006f0                SystemClock_Config
 .text.MX_TIM1_Init
                0x00000000080007cc       0xa0 ./Core/Src/main.o
 .text.MX_USART2_UART_Init
                0x000000000800086c       0x54 ./Core/Src/main.o
 .text.MX_GPIO_Init
                0x00000000080008c0      0x114 ./Core/Src/main.o
 .text.Error_Handler
                0x00000000080009d4        0xa ./Core/Src/main.o
                0x00000000080009d4                Error_Handler
 *fill*         0x00000000080009de        0x2 
 .text.HAL_MspInit
                0x00000000080009e0       0x50 ./Core/Src/stm32f4xx_hal_msp.o
                0x00000000080009e0                HAL_MspInit
 .text.HAL_TIM_Base_MspInit
                0x0000000008000a30       0x44 ./Core/Src/stm32f4xx_hal_msp.o
                0x0000000008000a30                HAL_TIM_Base_MspInit
 .text.HAL_UART_MspInit
                0x0000000008000a74       0x90 ./Core/Src/stm32f4xx_hal_msp.o
                0x0000000008000a74                HAL_UART_MspInit
 .text.NMI_Handler
                0x0000000008000b04        0x6 ./Core/Src/stm32f4xx_it.o
                0x0000000008000b04                NMI_Handler
 .text.HardFault_Handler
                0x0000000008000b0a        0x6 ./Core/Src/stm32f4xx_it.o
                0x0000000008000b0a                HardFault_Handler
 .text.MemManage_Handler
                0x0000000008000b10        0x6 ./Core/Src/stm32f4xx_it.o
                0x0000000008000b10                MemManage_Handler
 .text.BusFault_Handler
                0x0000000008000b16        0x6 ./Core/Src/stm32f4xx_it.o
                0x0000000008000b16                BusFault_Handler
 .text.UsageFault_Handler
                0x0000000008000b1c        0x6 ./Core/Src/stm32f4xx_it.o
                0x0000000008000b1c                UsageFault_Handler
 .text.SVC_Handler
                0x0000000008000b22        0xe ./Core/Src/stm32f4xx_it.o
                0x0000000008000b22                SVC_Handler
 .text.DebugMon_Handler
                0x0000000008000b30        0xe ./Core/Src/stm32f4xx_it.o
                0x0000000008000b30                DebugMon_Handler
 .text.PendSV_Handler
                0x0000000008000b3e        0xe ./Core/Src/stm32f4xx_it.o
                0x0000000008000b3e                PendSV_Handler
 .text.SysTick_Handler
                0x0000000008000b4c        0xc ./Core/Src/stm32f4xx_it.o
                0x0000000008000b4c                SysTick_Handler
 .text.SystemInit
                0x0000000008000b58       0x24 ./Core/Src/system_stm32f4xx.o
                0x0000000008000b58                SystemInit
 .text.PIN_LOW  0x0000000008000b7c       0x20 ./Core/Src/tft.o
                0x0000000008000b7c                PIN_LOW
 .text.PIN_HIGH
                0x0000000008000b9c       0x20 ./Core/Src/tft.o
                0x0000000008000b9c                PIN_HIGH
 .text.PIN_INPUT
                0x0000000008000bbc       0x2c ./Core/Src/tft.o
                0x0000000008000bbc                PIN_INPUT
 .text.PIN_OUTPUT
                0x0000000008000be8       0x30 ./Core/Src/tft.o
                0x0000000008000be8                PIN_OUTPUT
 .text.width    0x0000000008000c18       0x18 ./Core/Src/tft.o
                0x0000000008000c18                width
 .text.height   0x0000000008000c30       0x18 ./Core/Src/tft.o
                0x0000000008000c30                height
 .text.color565_to_555
                0x0000000008000c48       0x40 ./Core/Src/tft.o
 .text.color555_to_565
                0x0000000008000c88       0x42 ./Core/Src/tft.o
 .text.color565_to_r
                0x0000000008000cca       0x22 ./Core/Src/tft.o
 .text.color565_to_g
                0x0000000008000cec       0x22 ./Core/Src/tft.o
 .text.color565_to_b
                0x0000000008000d0e       0x1c ./Core/Src/tft.o
 .text.color565
                0x0000000008000d2a       0x4c ./Core/Src/tft.o
                0x0000000008000d2a                color565
 .text.readPixel
                0x0000000008000d76       0x30 ./Core/Src/tft.o
                0x0000000008000d76                readPixel
 .text.WriteCmdData
                0x0000000008000da6       0x24 ./Core/Src/tft.o
                0x0000000008000da6                WriteCmdData
 .text.pushCommand
                0x0000000008000dca       0x26 ./Core/Src/tft.o
                0x0000000008000dca                pushCommand
 .text.setReadDir
                0x0000000008000df0       0x5c ./Core/Src/tft.o
                0x0000000008000df0                setReadDir
 .text.setWriteDir
                0x0000000008000e4c       0x5c ./Core/Src/tft.o
                0x0000000008000e4c                setWriteDir
 .text.write24  0x0000000008000ea8      0x200 ./Core/Src/tft.o
 .text.writecmddata
                0x00000000080010a8      0x2ac ./Core/Src/tft.o
 .text.WriteCmdParamN
                0x0000000008001354      0x39c ./Core/Src/tft.o
 .text.WriteCmdParam4
                0x00000000080016f0       0x48 ./Core/Src/tft.o
 .text.init_table
                0x0000000008001738       0xb2 ./Core/Src/tft.o
 .text.init_table16
                0x00000000080017ea       0x60 ./Core/Src/tft.o
 *fill*         0x000000000800184a        0x2 
 .text.reset    0x000000000800184c       0x98 ./Core/Src/tft.o
                0x000000000800184c                reset
 .text.read16bits
                0x00000000080018e4      0x1e4 ./Core/Src/tft.o
 .text.readReg  0x0000000008001ac8      0x1b8 ./Core/Src/tft.o
                0x0000000008001ac8                readReg
 .text.readReg32
                0x0000000008001c80       0x36 ./Core/Src/tft.o
                0x0000000008001c80                readReg32
 .text.readReg40
                0x0000000008001cb6       0x4e ./Core/Src/tft.o
                0x0000000008001cb6                readReg40
 .text.tft_init
                0x0000000008001d04      0x70c ./Core/Src/tft.o
                0x0000000008001d04                tft_init
 .text.readID   0x0000000008002410      0x280 ./Core/Src/tft.o
                0x0000000008002410                readID
 .text.readGRAM
                0x0000000008002690      0xbe0 ./Core/Src/tft.o
                0x0000000008002690                readGRAM
 .text.setRotation
                0x0000000008003270      0x50c ./Core/Src/tft.o
                0x0000000008003270                setRotation
 .text.drawPixel
                0x000000000800377c      0x20c ./Core/Src/tft.o
                0x000000000800377c                drawPixel
 .text.setAddrWindow
                0x0000000008003988      0x248 ./Core/Src/tft.o
                0x0000000008003988                setAddrWindow
 .text.vertScroll
                0x0000000008003bd0      0x24c ./Core/Src/tft.o
                0x0000000008003bd0                vertScroll
 .text.fillScreen
                0x0000000008003e1c       0x34 ./Core/Src/tft.o
                0x0000000008003e1c                fillScreen
 .text.invertDisplay
                0x0000000008003e50      0x14c ./Core/Src/tft.o
                0x0000000008003e50                invertDisplay
 .text.drawFastVLine
                0x0000000008003f9c       0x3e ./Core/Src/tft.o
                0x0000000008003f9c                drawFastVLine
 .text.fillCircle
                0x0000000008003fda       0x60 ./Core/Src/tft.o
                0x0000000008003fda                fillCircle
 .text.fillCircleHelper
                0x000000000800403a      0x19c ./Core/Src/tft.o
                0x000000000800403a                fillCircleHelper
 *fill*         0x00000000080041d6        0x2 
 .text.fillRect
                0x00000000080041d8      0x448 ./Core/Src/tft.o
                0x00000000080041d8                fillRect
 .text.delay    0x0000000008004620       0x30 ./Core/Src/tft.o
                0x0000000008004620                delay
 .text.tft_gpio_init
                0x0000000008004650       0xe4 ./Core/Src/tft.o
                0x0000000008004650                tft_gpio_init
 .text.Reset_Handler
                0x0000000008004734       0x50 ./Core/Startup/startup_stm32f446retx.o
                0x0000000008004734                Reset_Handler
 .text.Default_Handler
                0x0000000008004784        0x2 ./Core/Startup/startup_stm32f446retx.o
                0x0000000008004784                RTC_Alarm_IRQHandler
                0x0000000008004784                EXTI2_IRQHandler
                0x0000000008004784                TIM8_CC_IRQHandler
                0x0000000008004784                FMPI2C1_EV_IRQHandler
                0x0000000008004784                SPI4_IRQHandler
                0x0000000008004784                TIM1_CC_IRQHandler
                0x0000000008004784                DMA2_Stream5_IRQHandler
                0x0000000008004784                DMA1_Stream5_IRQHandler
                0x0000000008004784                PVD_IRQHandler
                0x0000000008004784                SDIO_IRQHandler
                0x0000000008004784                TAMP_STAMP_IRQHandler
                0x0000000008004784                CAN2_RX1_IRQHandler
                0x0000000008004784                EXTI3_IRQHandler
                0x0000000008004784                TIM8_TRG_COM_TIM14_IRQHandler
                0x0000000008004784                TIM1_UP_TIM10_IRQHandler
                0x0000000008004784                TIM8_UP_TIM13_IRQHandler
                0x0000000008004784                I2C3_ER_IRQHandler
                0x0000000008004784                EXTI0_IRQHandler
                0x0000000008004784                I2C2_EV_IRQHandler
                0x0000000008004784                DMA1_Stream2_IRQHandler
                0x0000000008004784                CAN1_RX0_IRQHandler
                0x0000000008004784                FPU_IRQHandler
                0x0000000008004784                OTG_HS_WKUP_IRQHandler
                0x0000000008004784                CAN2_SCE_IRQHandler
                0x0000000008004784                DMA2_Stream2_IRQHandler
                0x0000000008004784                SPI1_IRQHandler
                0x0000000008004784                TIM6_DAC_IRQHandler
                0x0000000008004784                TIM1_BRK_TIM9_IRQHandler
                0x0000000008004784                DCMI_IRQHandler
                0x0000000008004784                CAN2_RX0_IRQHandler
                0x0000000008004784                DMA2_Stream3_IRQHandler
                0x0000000008004784                SAI2_IRQHandler
                0x0000000008004784                USART6_IRQHandler
                0x0000000008004784                USART3_IRQHandler
                0x0000000008004784                CAN1_RX1_IRQHandler
                0x0000000008004784                UART5_IRQHandler
                0x0000000008004784                DMA2_Stream0_IRQHandler
                0x0000000008004784                TIM4_IRQHandler
                0x0000000008004784                QUADSPI_IRQHandler
                0x0000000008004784                I2C1_EV_IRQHandler
                0x0000000008004784                DMA1_Stream6_IRQHandler
                0x0000000008004784                DMA1_Stream1_IRQHandler
                0x0000000008004784                UART4_IRQHandler
                0x0000000008004784                TIM3_IRQHandler
                0x0000000008004784                RCC_IRQHandler
                0x0000000008004784                TIM8_BRK_TIM12_IRQHandler
                0x0000000008004784                Default_Handler
                0x0000000008004784                CEC_IRQHandler
                0x0000000008004784                EXTI15_10_IRQHandler
                0x0000000008004784                ADC_IRQHandler
                0x0000000008004784                DMA1_Stream7_IRQHandler
                0x0000000008004784                TIM7_IRQHandler
                0x0000000008004784                CAN2_TX_IRQHandler
                0x0000000008004784                TIM5_IRQHandler
                0x0000000008004784                DMA2_Stream7_IRQHandler
                0x0000000008004784                I2C3_EV_IRQHandler
                0x0000000008004784                EXTI9_5_IRQHandler
                0x0000000008004784                RTC_WKUP_IRQHandler
                0x0000000008004784                SPDIF_RX_IRQHandler
                0x0000000008004784                SPI2_IRQHandler
                0x0000000008004784                OTG_HS_EP1_IN_IRQHandler
                0x0000000008004784                DMA1_Stream0_IRQHandler
                0x0000000008004784                CAN1_TX_IRQHandler
                0x0000000008004784                FMPI2C1_ER_IRQHandler
                0x0000000008004784                EXTI4_IRQHandler
                0x0000000008004784                OTG_HS_EP1_OUT_IRQHandler
                0x0000000008004784                WWDG_IRQHandler
                0x0000000008004784                TIM2_IRQHandler
                0x0000000008004784                OTG_FS_WKUP_IRQHandler
                0x0000000008004784                TIM1_TRG_COM_TIM11_IRQHandler
                0x0000000008004784                OTG_HS_IRQHandler
                0x0000000008004784                EXTI1_IRQHandler
                0x0000000008004784                USART2_IRQHandler
                0x0000000008004784                I2C2_ER_IRQHandler
                0x0000000008004784                DMA2_Stream1_IRQHandler
                0x0000000008004784                CAN1_SCE_IRQHandler
                0x0000000008004784                FLASH_IRQHandler
                0x0000000008004784                DMA2_Stream4_IRQHandler
                0x0000000008004784                USART1_IRQHandler
                0x0000000008004784                OTG_FS_IRQHandler
                0x0000000008004784                SPI3_IRQHandler
                0x0000000008004784                DMA1_Stream4_IRQHandler
                0x0000000008004784                I2C1_ER_IRQHandler
                0x0000000008004784                FMC_IRQHandler
                0x0000000008004784                DMA2_Stream6_IRQHandler
                0x0000000008004784                SAI1_IRQHandler
                0x0000000008004784                DMA1_Stream3_IRQHandler
 *fill*         0x0000000008004786        0x2 
 .text.HAL_Init
                0x0000000008004788       0x44 ./Drivers/STM32F4xx_HAL_Driver/Src/stm32f4xx_hal.o
                0x0000000008004788                HAL_Init
 .text.HAL_InitTick
                0x00000000080047cc       0x60 ./Drivers/STM32F4xx_HAL_Driver/Src/stm32f4xx_hal.o
                0x00000000080047cc                HAL_InitTick
 .text.HAL_IncTick
                0x000000000800482c       0x28 ./Drivers/STM32F4xx_HAL_Driver/Src/stm32f4xx_hal.o
                0x000000000800482c                HAL_IncTick
 .text.HAL_GetTick
                0x0000000008004854       0x18 ./Drivers/STM32F4xx_HAL_Driver/Src/stm32f4xx_hal.o
                0x0000000008004854                HAL_GetTick
 .text.HAL_Delay
                0x000000000800486c       0x48 ./Drivers/STM32F4xx_HAL_Driver/Src/stm32f4xx_hal.o
                0x000000000800486c                HAL_Delay
 .text.__NVIC_SetPriorityGrouping
                0x00000000080048b4       0x48 ./Drivers/STM32F4xx_HAL_Driver/Src/stm32f4xx_hal_cortex.o
 .text.__NVIC_GetPriorityGrouping
                0x00000000080048fc       0x1c ./Drivers/STM32F4xx_HAL_Driver/Src/stm32f4xx_hal_cortex.o
 .text.__NVIC_SetPriority
                0x0000000008004918       0x54 ./Drivers/STM32F4xx_HAL_Driver/Src/stm32f4xx_hal_cortex.o
 .text.NVIC_EncodePriority
                0x000000000800496c       0x66 ./Drivers/STM32F4xx_HAL_Driver/Src/stm32f4xx_hal_cortex.o
 *fill*         0x00000000080049d2        0x2 
 .text.SysTick_Config
                0x00000000080049d4       0x44 ./Drivers/STM32F4xx_HAL_Driver/Src/stm32f4xx_hal_cortex.o
 .text.HAL_NVIC_SetPriorityGrouping
                0x0000000008004a18       0x16 ./Drivers/STM32F4xx_HAL_Driver/Src/stm32f4xx_hal_cortex.o
                0x0000000008004a18                HAL_NVIC_SetPriorityGrouping
 .text.HAL_NVIC_SetPriority
                0x0000000008004a2e       0x38 ./Drivers/STM32F4xx_HAL_Driver/Src/stm32f4xx_hal_cortex.o
                0x0000000008004a2e                HAL_NVIC_SetPriority
 .text.HAL_SYSTICK_Config
                0x0000000008004a66       0x18 ./Drivers/STM32F4xx_HAL_Driver/Src/stm32f4xx_hal_cortex.o
                0x0000000008004a66                HAL_SYSTICK_Config
 *fill*         0x0000000008004a7e        0x2 
 .text.HAL_GPIO_Init
                0x0000000008004a80      0x328 ./Drivers/STM32F4xx_HAL_Driver/Src/stm32f4xx_hal_gpio.o
                0x0000000008004a80                HAL_GPIO_Init
 .text.HAL_GPIO_ReadPin
                0x0000000008004da8       0x30 ./Drivers/STM32F4xx_HAL_Driver/Src/stm32f4xx_hal_gpio.o
                0x0000000008004da8                HAL_GPIO_ReadPin
 .text.HAL_GPIO_WritePin
                0x0000000008004dd8       0x32 ./Drivers/STM32F4xx_HAL_Driver/Src/stm32f4xx_hal_gpio.o
                0x0000000008004dd8                HAL_GPIO_WritePin
 *fill*         0x0000000008004e0a        0x2 
 .text.HAL_RCC_ClockConfig
                0x0000000008004e0c      0x1cc ./Drivers/STM32F4xx_HAL_Driver/Src/stm32f4xx_hal_rcc.o
                0x0000000008004e0c                HAL_RCC_ClockConfig
 .text.HAL_RCC_GetHCLKFreq
                0x0000000008004fd8       0x18 ./Drivers/STM32F4xx_HAL_Driver/Src/stm32f4xx_hal_rcc.o
                0x0000000008004fd8                HAL_RCC_GetHCLKFreq
 .text.HAL_RCC_GetPCLK1Freq
                0x0000000008004ff0       0x28 ./Drivers/STM32F4xx_HAL_Driver/Src/stm32f4xx_hal_rcc.o
                0x0000000008004ff0                HAL_RCC_GetPCLK1Freq
 .text.HAL_RCC_GetPCLK2Freq
                0x0000000008005018       0x28 ./Drivers/STM32F4xx_HAL_Driver/Src/stm32f4xx_hal_rcc.o
                0x0000000008005018                HAL_RCC_GetPCLK2Freq
 .text.HAL_RCC_GetSysClockFreq
                0x0000000008005040      0x364 ./Drivers/STM32F4xx_HAL_Driver/Src/stm32f4xx_hal_rcc_ex.o
                0x0000000008005040                HAL_RCC_GetSysClockFreq
 .text.HAL_RCC_OscConfig
                0x00000000080053a4      0x53c ./Drivers/STM32F4xx_HAL_Driver/Src/stm32f4xx_hal_rcc_ex.o
                0x00000000080053a4                HAL_RCC_OscConfig
 .text.HAL_TIM_Base_Init
                0x00000000080058e0       0x9e ./Drivers/STM32F4xx_HAL_Driver/Src/stm32f4xx_hal_tim.o
                0x00000000080058e0                HAL_TIM_Base_Init
 *fill*         0x000000000800597e        0x2 
 .text.HAL_TIM_Base_Start
                0x0000000008005980       0xd0 ./Drivers/STM32F4xx_HAL_Driver/Src/stm32f4xx_hal_tim.o
                0x0000000008005980                HAL_TIM_Base_Start
 .text.HAL_TIM_ConfigClockSource
                0x0000000008005a50      0x18e ./Drivers/STM32F4xx_HAL_Driver/Src/stm32f4xx_hal_tim.o
                0x0000000008005a50                HAL_TIM_ConfigClockSource
 *fill*         0x0000000008005bde        0x2 
 .text.TIM_Base_SetConfig
                0x0000000008005be0      0x140 ./Drivers/STM32F4xx_HAL_Driver/Src/stm32f4xx_hal_tim.o
                0x0000000008005be0                TIM_Base_SetConfig
 .text.TIM_TI1_ConfigInputStage
                0x0000000008005d20       0x5e ./Drivers/STM32F4xx_HAL_Driver/Src/stm32f4xx_hal_tim.o
 .text.TIM_TI2_ConfigInputStage
                0x0000000008005d7e       0x60 ./Drivers/STM32F4xx_HAL_Driver/Src/stm32f4xx_hal_tim.o
 .text.TIM_ITRx_SetConfig
                0x0000000008005dde       0x36 ./Drivers/STM32F4xx_HAL_Driver/Src/stm32f4xx_hal_tim.o
 .text.TIM_ETR_SetConfig
                0x0000000008005e14       0x40 ./Drivers/STM32F4xx_HAL_Driver/Src/stm32f4xx_hal_tim.o
                0x0000000008005e14                TIM_ETR_SetConfig
 .text.HAL_TIMEx_MasterConfigSynchronization
                0x0000000008005e54       0xf8 ./Drivers/STM32F4xx_HAL_Driver/Src/stm32f4xx_hal_tim_ex.o
                0x0000000008005e54                HAL_TIMEx_MasterConfigSynchronization
 .text.HAL_UART_Init
                0x0000000008005f4c       0x9a ./Drivers/STM32F4xx_HAL_Driver/Src/stm32f4xx_hal_uart.o
                0x0000000008005f4c                HAL_UART_Init
 .text.HAL_UART_Transmit
                0x0000000008005fe6      0x124 ./Drivers/STM32F4xx_HAL_Driver/Src/stm32f4xx_hal_uart.o
                0x0000000008005fe6                HAL_UART_Transmit
 .text.UART_WaitOnFlagUntilTimeout
                0x000000000800610a       0xdc ./Drivers/STM32F4xx_HAL_Driver/Src/stm32f4xx_hal_uart.o
 *fill*         0x00000000080061e6        0x2 
 .text.UART_SetConfig
                0x00000000080061e8      0x390 ./Drivers/STM32F4xx_HAL_Driver/Src/stm32f4xx_hal_uart.o
 .text.__libc_init_array
                0x0000000008006578       0x48 c:/st/stm32cubeide_1.8.0/stm32cubeide/plugins/com.st.stm32cube.ide.mcu.externaltools.gnu-tools-for-stm32.9-2020-q2-update.win32_2.0.0.202105311346/tools/bin/../lib/gcc/arm-none-eabi/9.3.1/../../../../arm-none-eabi/lib/thumb/v7e-m+fp/hard\libc_nano.a(lib_a-init.o)
                0x0000000008006578                __libc_init_array
 .text.memset   0x00000000080065c0       0x10 c:/st/stm32cubeide_1.8.0/stm32cubeide/plugins/com.st.stm32cube.ide.mcu.externaltools.gnu-tools-for-stm32.9-2020-q2-update.win32_2.0.0.202105311346/tools/bin/../lib/gcc/arm-none-eabi/9.3.1/../../../../arm-none-eabi/lib/thumb/v7e-m+fp/hard\libc_nano.a(lib_a-memset.o)
                0x00000000080065c0                memset
 *(.glue_7)
 .glue_7        0x00000000080065d0        0x0 linker stubs
 *(.glue_7t)
 .glue_7t       0x00000000080065d0        0x0 linker stubs
 *(.eh_frame)
 .eh_frame      0x00000000080065d0        0x0 c:/st/stm32cubeide_1.8.0/stm32cubeide/plugins/com.st.stm32cube.ide.mcu.externaltools.gnu-tools-for-stm32.9-2020-q2-update.win32_2.0.0.202105311346/tools/bin/../lib/gcc/arm-none-eabi/9.3.1/thumb/v7e-m+fp/hard/crtbegin.o
 *(.init)
 .init          0x00000000080065d0        0x4 c:/st/stm32cubeide_1.8.0/stm32cubeide/plugins/com.st.stm32cube.ide.mcu.externaltools.gnu-tools-for-stm32.9-2020-q2-update.win32_2.0.0.202105311346/tools/bin/../lib/gcc/arm-none-eabi/9.3.1/thumb/v7e-m+fp/hard/crti.o
                0x00000000080065d0                _init
 .init          0x00000000080065d4        0x8 c:/st/stm32cubeide_1.8.0/stm32cubeide/plugins/com.st.stm32cube.ide.mcu.externaltools.gnu-tools-for-stm32.9-2020-q2-update.win32_2.0.0.202105311346/tools/bin/../lib/gcc/arm-none-eabi/9.3.1/thumb/v7e-m+fp/hard/crtn.o
 *(.fini)
 .fini          0x00000000080065dc        0x4 c:/st/stm32cubeide_1.8.0/stm32cubeide/plugins/com.st.stm32cube.ide.mcu.externaltools.gnu-tools-for-stm32.9-2020-q2-update.win32_2.0.0.202105311346/tools/bin/../lib/gcc/arm-none-eabi/9.3.1/thumb/v7e-m+fp/hard/crti.o
                0x00000000080065dc                _fini
 .fini          0x00000000080065e0        0x8 c:/st/stm32cubeide_1.8.0/stm32cubeide/plugins/com.st.stm32cube.ide.mcu.externaltools.gnu-tools-for-stm32.9-2020-q2-update.win32_2.0.0.202105311346/tools/bin/../lib/gcc/arm-none-eabi/9.3.1/thumb/v7e-m+fp/hard/crtn.o
                0x00000000080065e8                . = ALIGN (0x4)
                0x00000000080065e8                _etext = .

.vfp11_veneer   0x00000000080065e8        0x0
 .vfp11_veneer  0x00000000080065e8        0x0 linker stubs

.v4_bx          0x00000000080065e8        0x0
 .v4_bx         0x00000000080065e8        0x0 linker stubs

.iplt           0x00000000080065e8        0x0
 .iplt          0x00000000080065e8        0x0 c:/st/stm32cubeide_1.8.0/stm32cubeide/plugins/com.st.stm32cube.ide.mcu.externaltools.gnu-tools-for-stm32.9-2020-q2-update.win32_2.0.0.202105311346/tools/bin/../lib/gcc/arm-none-eabi/9.3.1/thumb/v7e-m+fp/hard/crtbegin.o

.rodata         0x00000000080065e8      0x550
                0x00000000080065e8                . = ALIGN (0x4)
 *(.rodata)
 .rodata        0x00000000080065e8        0x3 ./Core/Src/tft.o
 *(.rodata*)
 *fill*         0x00000000080065eb        0x1 
 .rodata.Fsm    0x00000000080065ec       0x30 ./Core/Src/main.o
                0x00000000080065ec                Fsm
 .rodata.AHBPrescTable
                0x000000000800661c       0x10 ./Core/Src/system_stm32f4xx.o
                0x000000000800661c                AHBPrescTable
 .rodata.APBPrescTable
                0x000000000800662c        0x8 ./Core/Src/system_stm32f4xx.o
                0x000000000800662c                APBPrescTable
 .rodata.R61511_regValues.9580
                0x0000000008006634        0x3 ./Core/Src/tft.o
 *fill*         0x0000000008006637        0x1 
 .rodata.R61520_regValues.9583
                0x0000000008006638        0x6 ./Core/Src/tft.o
 *fill*         0x000000000800663e        0x2 
 .rodata.R61526_regValues.9585
                0x0000000008006640        0xc ./Core/Src/tft.o
 .rodata.NT35310_regValues.9587
                0x000000000800664c        0x2 ./Core/Src/tft.o
 *fill*         0x000000000800664e        0x2 
 .rodata.ST7789_regValues.9589
                0x0000000008006650       0x41 ./Core/Src/tft.o
 *fill*         0x0000000008006691        0x3 
 .rodata.FK8031_regValues.9592
                0x0000000008006694       0x12 ./Core/Src/tft.o
 *fill*         0x00000000080066a6        0x2 
 .rodata.HX8357C_regValues.9596
                0x00000000080066a8        0x2 ./Core/Src/tft.o
 *fill*         0x00000000080066aa        0x2 
 .rodata.HX8357_99_regValues.9598
                0x00000000080066ac       0x1d ./Core/Src/tft.o
 *fill*         0x00000000080066c9        0x3 
 .rodata.ILI9320_regValues.9604
                0x00000000080066cc       0xd8 ./Core/Src/tft.o
 .rodata.ILI9325_regValues.9611
                0x00000000080067a4       0xcc ./Core/Src/tft.o
 .rodata.ILI9327_regValues.9613
                0x0000000008006870       0x1e ./Core/Src/tft.o
 *fill*         0x000000000800688e        0x2 
 .rodata.XX1602_regValues.9615
                0x0000000008006890        0x6 ./Core/Src/tft.o
 *fill*         0x0000000008006896        0x2 
 .rodata.ILI9329_regValues.9622
                0x0000000008006898        0x3 ./Core/Src/tft.o
 *fill*         0x000000000800689b        0x1 
 .rodata.ILI9341_regValues_2_4.9626
                0x000000000800689c       0x65 ./Core/Src/tft.o
 *fill*         0x0000000008006901        0x3 
 .rodata.ILI9481_regValues.9631
                0x0000000008006904       0x45 ./Core/Src/tft.o
 *fill*         0x0000000008006949        0x3 
 .rodata.ILI9486_regValues.9638
                0x000000000800694c       0x3b ./Core/Src/tft.o
 *fill*         0x0000000008006987        0x1 
 .rodata.ILI9488_regValues_max.9643
                0x0000000008006988       0x2b ./Core/Src/tft.o
 *fill*         0x00000000080069b3        0x1 
 .rodata.R61505V_regValues.9646
                0x00000000080069b4       0xb0 ./Core/Src/tft.o
 .rodata.R61509V_regValues.9649
                0x0000000008006a64       0xc0 ./Core/Src/tft.o
 .rodata.reset_off.9651
                0x0000000008006b24        0x9 ./Core/Src/tft.o
 *fill*         0x0000000008006b2d        0x3 
 .rodata.wake_on.9652
                0x0000000008006b30        0x6 ./Core/Src/tft.o
                0x0000000008006b38                . = ALIGN (0x4)
 *fill*         0x0000000008006b36        0x2 

.ARM.extab      0x0000000008006b38        0x0
                0x0000000008006b38                . = ALIGN (0x4)
 *(.ARM.extab* .gnu.linkonce.armextab.*)
                0x0000000008006b38                . = ALIGN (0x4)

.ARM            0x0000000008006b38        0x8
                0x0000000008006b38                . = ALIGN (0x4)
                0x0000000008006b38                __exidx_start = .
 *(.ARM.exidx*)
 .ARM.exidx     0x0000000008006b38        0x8 c:/st/stm32cubeide_1.8.0/stm32cubeide/plugins/com.st.stm32cube.ide.mcu.externaltools.gnu-tools-for-stm32.9-2020-q2-update.win32_2.0.0.202105311346/tools/bin/../lib/gcc/arm-none-eabi/9.3.1/thumb/v7e-m+fp/hard\libgcc.a(_udivmoddi4.o)
                0x0000000008006b40                __exidx_end = .
                0x0000000008006b40                . = ALIGN (0x4)

.rel.dyn        0x0000000008006b40        0x0
 .rel.iplt      0x0000000008006b40        0x0 c:/st/stm32cubeide_1.8.0/stm32cubeide/plugins/com.st.stm32cube.ide.mcu.externaltools.gnu-tools-for-stm32.9-2020-q2-update.win32_2.0.0.202105311346/tools/bin/../lib/gcc/arm-none-eabi/9.3.1/thumb/v7e-m+fp/hard/crtbegin.o

.preinit_array  0x0000000008006b40        0x0
                0x0000000008006b40                . = ALIGN (0x4)
                0x0000000008006b40                PROVIDE (__preinit_array_start = .)
 *(.preinit_array*)
                0x0000000008006b40                PROVIDE (__preinit_array_end = .)
                0x0000000008006b40                . = ALIGN (0x4)

.init_array     0x0000000008006b40        0x4
                0x0000000008006b40                . = ALIGN (0x4)
                0x0000000008006b40                PROVIDE (__init_array_start = .)
 *(SORT_BY_NAME(.init_array.*))
 *(.init_array*)
 .init_array    0x0000000008006b40        0x4 c:/st/stm32cubeide_1.8.0/stm32cubeide/plugins/com.st.stm32cube.ide.mcu.externaltools.gnu-tools-for-stm32.9-2020-q2-update.win32_2.0.0.202105311346/tools/bin/../lib/gcc/arm-none-eabi/9.3.1/thumb/v7e-m+fp/hard/crtbegin.o
                0x0000000008006b44                PROVIDE (__init_array_end = .)
                0x0000000008006b44                . = ALIGN (0x4)

.fini_array     0x0000000008006b44        0x4
                0x0000000008006b44                . = ALIGN (0x4)
                [!provide]                        PROVIDE (__fini_array_start = .)
 *(SORT_BY_NAME(.fini_array.*))
 *(.fini_array*)
 .fini_array    0x0000000008006b44        0x4 c:/st/stm32cubeide_1.8.0/stm32cubeide/plugins/com.st.stm32cube.ide.mcu.externaltools.gnu-tools-for-stm32.9-2020-q2-update.win32_2.0.0.202105311346/tools/bin/../lib/gcc/arm-none-eabi/9.3.1/thumb/v7e-m+fp/hard/crtbegin.o
                [!provide]                        PROVIDE (__fini_array_end = .)
                0x0000000008006b48                . = ALIGN (0x4)
                0x0000000008006b48                _sidata = LOADADDR (.data)

.data           0x0000000020000000       0x10 load address 0x0000000008006b48
                0x0000000020000000                . = ALIGN (0x4)
                0x0000000020000000                _sdata = .
 *(.data)
 *(.data*)
 .data.SystemCoreClock
                0x0000000020000000        0x4 ./Core/Src/system_stm32f4xx.o
                0x0000000020000000                SystemCoreClock
 .data._width   0x0000000020000004        0x2 ./Core/Src/tft.o
                0x0000000020000004                _width
 .data._height  0x0000000020000006        0x2 ./Core/Src/tft.o
                0x0000000020000006                _height
 .data.uwTickPrio
                0x0000000020000008        0x4 ./Drivers/STM32F4xx_HAL_Driver/Src/stm32f4xx_hal.o
                0x0000000020000008                uwTickPrio
 .data.uwTickFreq
                0x000000002000000c        0x1 ./Drivers/STM32F4xx_HAL_Driver/Src/stm32f4xx_hal.o
                0x000000002000000c                uwTickFreq
 *(.RamFunc)
 *(.RamFunc*)
                0x0000000020000010                . = ALIGN (0x4)
 *fill*         0x000000002000000d        0x3 
                0x0000000020000010                _edata = .

.igot.plt       0x0000000020000010        0x0 load address 0x0000000008006b58
 .igot.plt      0x0000000020000010        0x0 c:/st/stm32cubeide_1.8.0/stm32cubeide/plugins/com.st.stm32cube.ide.mcu.externaltools.gnu-tools-for-stm32.9-2020-q2-update.win32_2.0.0.202105311346/tools/bin/../lib/gcc/arm-none-eabi/9.3.1/thumb/v7e-m+fp/hard/crtbegin.o
                0x0000000020000010                . = ALIGN (0x4)

.bss            0x0000000020000010       0xdc load address 0x0000000008006b58
                0x0000000020000010                _sbss = .
                0x0000000020000010                __bss_start__ = _sbss
 *(.bss)
 .bss           0x0000000020000010       0x1c c:/st/stm32cubeide_1.8.0/stm32cubeide/plugins/com.st.stm32cube.ide.mcu.externaltools.gnu-tools-for-stm32.9-2020-q2-update.win32_2.0.0.202105311346/tools/bin/../lib/gcc/arm-none-eabi/9.3.1/thumb/v7e-m+fp/hard/crtbegin.o
 *(.bss*)
 .bss.ID        0x000000002000002c        0x2 ./Core/Src/main.o
                0x000000002000002c                ID
 .bss.done_reset
                0x000000002000002e        0x1 ./Core/Src/tft.o
 .bss.is8347    0x000000002000002f        0x1 ./Core/Src/tft.o
 .bss.is555     0x0000000020000030        0x1 ./Core/Src/tft.o
 .bss.is9797    0x0000000020000031        0x1 ./Core/Src/tft.o
 .bss.rotation  0x0000000020000032        0x1 ./Core/Src/tft.o
                0x0000000020000032                rotation
 *(COMMON)
 *fill*         0x0000000020000033        0x1 
 COMMON         0x0000000020000034       0x9a ./Core/Src/main.o
                0x0000000020000034                cState
                0x0000000020000038                htim1
                0x0000000020000080                huart2
                0x00000000200000c4                codigoID
 COMMON         0x00000000200000ce       0x1a ./Core/Src/tft.o
                0x00000000200000ce                _lcd_drivOut
                0x00000000200000d0                _MW
                0x00000000200000d2                _lcd_capable
                0x00000000200000d4                _SP
                0x00000000200000d6                _lcd_rev
                0x00000000200000d8                _MP
                0x00000000200000da                _MC
                0x00000000200000dc                _SC
                0x00000000200000de                _EP
                0x00000000200000e0                _lcd_ID
                0x00000000200000e2                _lcd_xor
                0x00000000200000e4                _EC
                0x00000000200000e6                _lcd_madctl
 COMMON         0x00000000200000e8        0x4 ./Drivers/STM32F4xx_HAL_Driver/Src/stm32f4xx_hal.o
                0x00000000200000e8                uwTick
                0x00000000200000ec                . = ALIGN (0x4)
                0x00000000200000ec                _ebss = .
                0x00000000200000ec                __bss_end__ = _ebss

._user_heap_stack
                0x00000000200000ec      0x604 load address 0x0000000008006b58
                0x00000000200000f0                . = ALIGN (0x8)
 *fill*         0x00000000200000ec        0x4 
                [!provide]                        PROVIDE (end = .)
                0x00000000200000f0                PROVIDE (_end = .)
                0x00000000200002f0                . = (. + _Min_Heap_Size)
 *fill*         0x00000000200000f0      0x200 
                0x00000000200006f0                . = (. + _Min_Stack_Size)
 *fill*         0x00000000200002f0      0x400 
                0x00000000200006f0                . = ALIGN (0x8)

/DISCARD/
 libc.a(*)
 libm.a(*)
 libgcc.a(*)

.ARM.attributes
                0x0000000000000000       0x30
 *(.ARM.attributes)
 .ARM.attributes
                0x0000000000000000       0x1e c:/st/stm32cubeide_1.8.0/stm32cubeide/plugins/com.st.stm32cube.ide.mcu.externaltools.gnu-tools-for-stm32.9-2020-q2-update.win32_2.0.0.202105311346/tools/bin/../lib/gcc/arm-none-eabi/9.3.1/thumb/v7e-m+fp/hard/crti.o
 .ARM.attributes
                0x000000000000001e       0x34 c:/st/stm32cubeide_1.8.0/stm32cubeide/plugins/com.st.stm32cube.ide.mcu.externaltools.gnu-tools-for-stm32.9-2020-q2-update.win32_2.0.0.202105311346/tools/bin/../lib/gcc/arm-none-eabi/9.3.1/thumb/v7e-m+fp/hard/crtbegin.o
 .ARM.attributes
                0x0000000000000052       0x34 ./Core/Src/main.o
 .ARM.attributes
                0x0000000000000086       0x34 ./Core/Src/stm32f4xx_hal_msp.o
 .ARM.attributes
                0x00000000000000ba       0x34 ./Core/Src/stm32f4xx_it.o
 .ARM.attributes
                0x00000000000000ee       0x34 ./Core/Src/system_stm32f4xx.o
 .ARM.attributes
                0x0000000000000122       0x34 ./Core/Src/tft.o
 .ARM.attributes
                0x0000000000000156       0x21 ./Core/Startup/startup_stm32f446retx.o
 .ARM.attributes
                0x0000000000000177       0x34 ./Drivers/STM32F4xx_HAL_Driver/Src/stm32f4xx_hal.o
 .ARM.attributes
                0x00000000000001ab       0x34 ./Drivers/STM32F4xx_HAL_Driver/Src/stm32f4xx_hal_cortex.o
 .ARM.attributes
                0x00000000000001df       0x34 ./Drivers/STM32F4xx_HAL_Driver/Src/stm32f4xx_hal_gpio.o
 .ARM.attributes
                0x0000000000000213       0x34 ./Drivers/STM32F4xx_HAL_Driver/Src/stm32f4xx_hal_rcc.o
 .ARM.attributes
                0x0000000000000247       0x34 ./Drivers/STM32F4xx_HAL_Driver/Src/stm32f4xx_hal_rcc_ex.o
 .ARM.attributes
                0x000000000000027b       0x34 ./Drivers/STM32F4xx_HAL_Driver/Src/stm32f4xx_hal_tim.o
 .ARM.attributes
                0x00000000000002af       0x34 ./Drivers/STM32F4xx_HAL_Driver/Src/stm32f4xx_hal_tim_ex.o
 .ARM.attributes
                0x00000000000002e3       0x34 ./Drivers/STM32F4xx_HAL_Driver/Src/stm32f4xx_hal_uart.o
 .ARM.attributes
                0x0000000000000317       0x34 c:/st/stm32cubeide_1.8.0/stm32cubeide/plugins/com.st.stm32cube.ide.mcu.externaltools.gnu-tools-for-stm32.9-2020-q2-update.win32_2.0.0.202105311346/tools/bin/../lib/gcc/arm-none-eabi/9.3.1/../../../../arm-none-eabi/lib/thumb/v7e-m+fp/hard\libc_nano.a(lib_a-init.o)
 .ARM.attributes
                0x000000000000034b       0x34 c:/st/stm32cubeide_1.8.0/stm32cubeide/plugins/com.st.stm32cube.ide.mcu.externaltools.gnu-tools-for-stm32.9-2020-q2-update.win32_2.0.0.202105311346/tools/bin/../lib/gcc/arm-none-eabi/9.3.1/../../../../arm-none-eabi/lib/thumb/v7e-m+fp/hard\libc_nano.a(lib_a-memset.o)
 .ARM.attributes
                0x000000000000037f       0x1e c:/st/stm32cubeide_1.8.0/stm32cubeide/plugins/com.st.stm32cube.ide.mcu.externaltools.gnu-tools-for-stm32.9-2020-q2-update.win32_2.0.0.202105311346/tools/bin/../lib/gcc/arm-none-eabi/9.3.1/thumb/v7e-m+fp/hard\libgcc.a(_aeabi_uldivmod.o)
 .ARM.attributes
                0x000000000000039d       0x34 c:/st/stm32cubeide_1.8.0/stm32cubeide/plugins/com.st.stm32cube.ide.mcu.externaltools.gnu-tools-for-stm32.9-2020-q2-update.win32_2.0.0.202105311346/tools/bin/../lib/gcc/arm-none-eabi/9.3.1/thumb/v7e-m+fp/hard\libgcc.a(_udivmoddi4.o)
 .ARM.attributes
                0x00000000000003d1       0x1e c:/st/stm32cubeide_1.8.0/stm32cubeide/plugins/com.st.stm32cube.ide.mcu.externaltools.gnu-tools-for-stm32.9-2020-q2-update.win32_2.0.0.202105311346/tools/bin/../lib/gcc/arm-none-eabi/9.3.1/thumb/v7e-m+fp/hard\libgcc.a(_dvmd_tls.o)
 .ARM.attributes
                0x00000000000003ef       0x1e c:/st/stm32cubeide_1.8.0/stm32cubeide/plugins/com.st.stm32cube.ide.mcu.externaltools.gnu-tools-for-stm32.9-2020-q2-update.win32_2.0.0.202105311346/tools/bin/../lib/gcc/arm-none-eabi/9.3.1/thumb/v7e-m+fp/hard/crtn.o
OUTPUT(Semaforo_Pedestre.elf elf32-littlearm)
LOAD linker stubs
LOAD c:/st/stm32cubeide_1.8.0/stm32cubeide/plugins/com.st.stm32cube.ide.mcu.externaltools.gnu-tools-for-stm32.9-2020-q2-update.win32_2.0.0.202105311346/tools/bin/../lib/gcc/arm-none-eabi/9.3.1/../../../../arm-none-eabi/lib/thumb/v7e-m+fp/hard\libc.a
LOAD c:/st/stm32cubeide_1.8.0/stm32cubeide/plugins/com.st.stm32cube.ide.mcu.externaltools.gnu-tools-for-stm32.9-2020-q2-update.win32_2.0.0.202105311346/tools/bin/../lib/gcc/arm-none-eabi/9.3.1/../../../../arm-none-eabi/lib/thumb/v7e-m+fp/hard\libm.a
LOAD c:/st/stm32cubeide_1.8.0/stm32cubeide/plugins/com.st.stm32cube.ide.mcu.externaltools.gnu-tools-for-stm32.9-2020-q2-update.win32_2.0.0.202105311346/tools/bin/../lib/gcc/arm-none-eabi/9.3.1/thumb/v7e-m+fp/hard\libgcc.a

.debug_info     0x0000000000000000    0x11d81
 .debug_info    0x0000000000000000     0x1b90 ./Core/Src/main.o
 .debug_info    0x0000000000001b90      0xde1 ./Core/Src/stm32f4xx_hal_msp.o
 .debug_info    0x0000000000002971      0x222 ./Core/Src/stm32f4xx_it.o
 .debug_info    0x0000000000002b93      0x5dc ./Core/Src/system_stm32f4xx.o
 .debug_info    0x000000000000316f     0x425e ./Core/Src/tft.o
 .debug_info    0x00000000000073cd       0x22 ./Core/Startup/startup_stm32f446retx.o
 .debug_info    0x00000000000073ef      0xa08 ./Drivers/STM32F4xx_HAL_Driver/Src/stm32f4xx_hal.o
 .debug_info    0x0000000000007df7      0xef5 ./Drivers/STM32F4xx_HAL_Driver/Src/stm32f4xx_hal_cortex.o
 .debug_info    0x0000000000008cec      0x892 ./Drivers/STM32F4xx_HAL_Driver/Src/stm32f4xx_hal_gpio.o
 .debug_info    0x000000000000957e      0x9db ./Drivers/STM32F4xx_HAL_Driver/Src/stm32f4xx_hal_rcc.o
 .debug_info    0x0000000000009f59      0xa86 ./Drivers/STM32F4xx_HAL_Driver/Src/stm32f4xx_hal_rcc_ex.o
 .debug_info    0x000000000000a9df     0x2c22 ./Drivers/STM32F4xx_HAL_Driver/Src/stm32f4xx_hal_tim.o
 .debug_info    0x000000000000d601     0x15a2 ./Drivers/STM32F4xx_HAL_Driver/Src/stm32f4xx_hal_tim_ex.o
 .debug_info    0x000000000000eba3     0x31de ./Drivers/STM32F4xx_HAL_Driver/Src/stm32f4xx_hal_uart.o

.debug_abbrev   0x0000000000000000     0x1e61
 .debug_abbrev  0x0000000000000000      0x2e3 ./Core/Src/main.o
 .debug_abbrev  0x00000000000002e3      0x1db ./Core/Src/stm32f4xx_hal_msp.o
 .debug_abbrev  0x00000000000004be       0xd2 ./Core/Src/stm32f4xx_it.o
 .debug_abbrev  0x0000000000000590      0x145 ./Core/Src/system_stm32f4xx.o
 .debug_abbrev  0x00000000000006d5      0x45a ./Core/Src/tft.o
 .debug_abbrev  0x0000000000000b2f       0x12 ./Core/Startup/startup_stm32f446retx.o
 .debug_abbrev  0x0000000000000b41      0x1ed ./Drivers/STM32F4xx_HAL_Driver/Src/stm32f4xx_hal.o
 .debug_abbrev  0x0000000000000d2e      0x33c ./Drivers/STM32F4xx_HAL_Driver/Src/stm32f4xx_hal_cortex.o
 .debug_abbrev  0x000000000000106a      0x1f1 ./Drivers/STM32F4xx_HAL_Driver/Src/stm32f4xx_hal_gpio.o
 .debug_abbrev  0x000000000000125b      0x275 ./Drivers/STM32F4xx_HAL_Driver/Src/stm32f4xx_hal_rcc.o
 .debug_abbrev  0x00000000000014d0      0x1e2 ./Drivers/STM32F4xx_HAL_Driver/Src/stm32f4xx_hal_rcc_ex.o
 .debug_abbrev  0x00000000000016b2      0x25e ./Drivers/STM32F4xx_HAL_Driver/Src/stm32f4xx_hal_tim.o
 .debug_abbrev  0x0000000000001910      0x266 ./Drivers/STM32F4xx_HAL_Driver/Src/stm32f4xx_hal_tim_ex.o
 .debug_abbrev  0x0000000000001b76      0x2eb ./Drivers/STM32F4xx_HAL_Driver/Src/stm32f4xx_hal_uart.o

.debug_aranges  0x0000000000000000      0xec0
 .debug_aranges
                0x0000000000000000       0x48 ./Core/Src/main.o
 .debug_aranges
                0x0000000000000048       0x40 ./Core/Src/stm32f4xx_hal_msp.o
 .debug_aranges
                0x0000000000000088       0x60 ./Core/Src/stm32f4xx_it.o
 .debug_aranges
                0x00000000000000e8       0x28 ./Core/Src/system_stm32f4xx.o
 .debug_aranges
                0x0000000000000110      0x2f0 ./Core/Src/tft.o
 .debug_aranges
                0x0000000000000400       0x28 ./Core/Startup/startup_stm32f446retx.o
 .debug_aranges
                0x0000000000000428       0xf0 ./Drivers/STM32F4xx_HAL_Driver/Src/stm32f4xx_hal.o
 .debug_aranges
                0x0000000000000518      0x118 ./Drivers/STM32F4xx_HAL_Driver/Src/stm32f4xx_hal_cortex.o
 .debug_aranges
                0x0000000000000630       0x58 ./Drivers/STM32F4xx_HAL_Driver/Src/stm32f4xx_hal_gpio.o
 .debug_aranges
                0x0000000000000688       0x88 ./Drivers/STM32F4xx_HAL_Driver/Src/stm32f4xx_hal_rcc.o
 .debug_aranges
                0x0000000000000710       0x78 ./Drivers/STM32F4xx_HAL_Driver/Src/stm32f4xx_hal_rcc_ex.o
 .debug_aranges
                0x0000000000000788      0x3d0 ./Drivers/STM32F4xx_HAL_Driver/Src/stm32f4xx_hal_tim.o
 .debug_aranges
                0x0000000000000b58      0x168 ./Drivers/STM32F4xx_HAL_Driver/Src/stm32f4xx_hal_tim_ex.o
 .debug_aranges
                0x0000000000000cc0      0x200 ./Drivers/STM32F4xx_HAL_Driver/Src/stm32f4xx_hal_uart.o

.debug_ranges   0x0000000000000000      0xe18
 .debug_ranges  0x0000000000000000       0x38 ./Core/Src/main.o
 .debug_ranges  0x0000000000000038       0x30 ./Core/Src/stm32f4xx_hal_msp.o
 .debug_ranges  0x0000000000000068       0x50 ./Core/Src/stm32f4xx_it.o
 .debug_ranges  0x00000000000000b8       0x18 ./Core/Src/system_stm32f4xx.o
 .debug_ranges  0x00000000000000d0      0x2e0 ./Core/Src/tft.o
 .debug_ranges  0x00000000000003b0       0x20 ./Core/Startup/startup_stm32f446retx.o
 .debug_ranges  0x00000000000003d0       0xe0 ./Drivers/STM32F4xx_HAL_Driver/Src/stm32f4xx_hal.o
 .debug_ranges  0x00000000000004b0      0x108 ./Drivers/STM32F4xx_HAL_Driver/Src/stm32f4xx_hal_cortex.o
 .debug_ranges  0x00000000000005b8       0x48 ./Drivers/STM32F4xx_HAL_Driver/Src/stm32f4xx_hal_gpio.o
 .debug_ranges  0x0000000000000600       0x78 ./Drivers/STM32F4xx_HAL_Driver/Src/stm32f4xx_hal_rcc.o
 .debug_ranges  0x0000000000000678       0x68 ./Drivers/STM32F4xx_HAL_Driver/Src/stm32f4xx_hal_rcc_ex.o
 .debug_ranges  0x00000000000006e0      0x3c0 ./Drivers/STM32F4xx_HAL_Driver/Src/stm32f4xx_hal_tim.o
 .debug_ranges  0x0000000000000aa0      0x158 ./Drivers/STM32F4xx_HAL_Driver/Src/stm32f4xx_hal_tim_ex.o
 .debug_ranges  0x0000000000000bf8      0x220 ./Drivers/STM32F4xx_HAL_Driver/Src/stm32f4xx_hal_uart.o

.debug_macro    0x0000000000000000    0x211d9
 .debug_macro   0x0000000000000000      0x377 ./Core/Src/main.o
 .debug_macro   0x0000000000000377      0x29b ./Core/Src/main.o
 .debug_macro   0x0000000000000612       0x2e ./Core/Src/main.o
 .debug_macro   0x0000000000000640       0x28 ./Core/Src/main.o
 .debug_macro   0x0000000000000668       0x1c ./Core/Src/main.o
 .debug_macro   0x0000000000000684       0x22 ./Core/Src/main.o
 .debug_macro   0x00000000000006a6       0xdf ./Core/Src/main.o
 .debug_macro   0x0000000000000785     0x102d ./Core/Src/main.o
 .debug_macro   0x00000000000017b2      0x11f ./Core/Src/main.o
 .debug_macro   0x00000000000018d1    0x16749 ./Core/Src/main.o
 .debug_macro   0x000000000001801a       0x6d ./Core/Src/main.o
 .debug_macro   0x0000000000018087     0x3666 ./Core/Src/main.o
 .debug_macro   0x000000000001b6ed      0x174 ./Core/Src/main.o
 .debug_macro   0x000000000001b861       0x5c ./Core/Src/main.o
 .debug_macro   0x000000000001b8bd      0xc90 ./Core/Src/main.o
 .debug_macro   0x000000000001c54d      0x9fe ./Core/Src/main.o
 .debug_macro   0x000000000001cf4b      0x116 ./Core/Src/main.o
 .debug_macro   0x000000000001d061      0x1a0 ./Core/Src/main.o
 .debug_macro   0x000000000001d201       0xa5 ./Core/Src/main.o
 .debug_macro   0x000000000001d2a6      0x16d ./Core/Src/main.o
 .debug_macro   0x000000000001d413      0x287 ./Core/Src/main.o
 .debug_macro   0x000000000001d69a       0x5f ./Core/Src/main.o
 .debug_macro   0x000000000001d6f9      0x236 ./Core/Src/main.o
 .debug_macro   0x000000000001d92f      0x132 ./Core/Src/main.o
 .debug_macro   0x000000000001da61      0x29c ./Core/Src/main.o
 .debug_macro   0x000000000001dcfd       0x2e ./Core/Src/main.o
 .debug_macro   0x000000000001dd2b      0x11a ./Core/Src/main.o
 .debug_macro   0x000000000001de45       0xe8 ./Core/Src/main.o
 .debug_macro   0x000000000001df2d       0x89 ./Core/Src/main.o
 .debug_macro   0x000000000001dfb6      0x8d1 ./Core/Src/main.o
 .debug_macro   0x000000000001e887       0x4d ./Core/Src/main.o
 .debug_macro   0x000000000001e8d4      0x295 ./Core/Src/main.o
 .debug_macro   0x000000000001eb69      0x126 ./Core/Src/main.o
 .debug_macro   0x000000000001ec8f       0x58 ./Core/Src/main.o
 .debug_macro   0x000000000001ece7       0x52 ./Core/Src/main.o
 .debug_macro   0x000000000001ed39       0x18 ./Core/Src/main.o
 .debug_macro   0x000000000001ed51       0x3c ./Core/Src/main.o
 .debug_macro   0x000000000001ed8d       0x34 ./Core/Src/main.o
 .debug_macro   0x000000000001edc1       0x16 ./Core/Src/main.o
 .debug_macro   0x000000000001edd7       0x35 ./Core/Src/main.o
 .debug_macro   0x000000000001ee0c      0x333 ./Core/Src/main.o
 .debug_macro   0x000000000001f13f       0x10 ./Core/Src/main.o
 .debug_macro   0x000000000001f14f       0x16 ./Core/Src/main.o
 .debug_macro   0x000000000001f165       0x43 ./Core/Src/main.o
 .debug_macro   0x000000000001f1a8       0x34 ./Core/Src/main.o
 .debug_macro   0x000000000001f1dc       0x10 ./Core/Src/main.o
 .debug_macro   0x000000000001f1ec       0x58 ./Core/Src/main.o
 .debug_macro   0x000000000001f244       0x71 ./Core/Src/main.o
 .debug_macro   0x000000000001f2b5       0x1c ./Core/Src/main.o
 .debug_macro   0x000000000001f2d1      0x12a ./Core/Src/main.o
 .debug_macro   0x000000000001f3fb       0x10 ./Core/Src/main.o
 .debug_macro   0x000000000001f40b       0x1c ./Core/Src/main.o
 .debug_macro   0x000000000001f427       0x52 ./Core/Src/main.o
 .debug_macro   0x000000000001f479       0x22 ./Core/Src/main.o
 .debug_macro   0x000000000001f49b       0x10 ./Core/Src/main.o
 .debug_macro   0x000000000001f4ab       0x40 ./Core/Src/main.o
 .debug_macro   0x000000000001f4eb       0xd5 ./Core/Src/main.o
 .debug_macro   0x000000000001f5c0       0x1c ./Core/Src/main.o
 .debug_macro   0x000000000001f5dc       0x3d ./Core/Src/main.o
 .debug_macro   0x000000000001f619       0x16 ./Core/Src/main.o
 .debug_macro   0x000000000001f62f      0x145 ./Core/Src/main.o
 .debug_macro   0x000000000001f774       0x6a ./Core/Src/main.o
 .debug_macro   0x000000000001f7de       0xcc ./Core/Src/main.o
 .debug_macro   0x000000000001f8aa       0x3a ./Core/Src/main.o
 .debug_macro   0x000000000001f8e4      0x1dd ./Core/Src/stm32f4xx_hal_msp.o
 .debug_macro   0x000000000001fac1      0x1e7 ./Core/Src/stm32f4xx_it.o
 .debug_macro   0x000000000001fca8      0x1ce ./Core/Src/system_stm32f4xx.o
 .debug_macro   0x000000000001fe76      0x437 ./Core/Src/tft.o
 .debug_macro   0x00000000000202ad       0x10 ./Core/Src/tft.o
 .debug_macro   0x00000000000202bd       0x20 ./Core/Src/tft.o
 .debug_macro   0x00000000000202dd      0x22e ./Drivers/STM32F4xx_HAL_Driver/Src/stm32f4xx_hal.o
 .debug_macro   0x000000000002050b      0x1ce ./Drivers/STM32F4xx_HAL_Driver/Src/stm32f4xx_hal_cortex.o
 .debug_macro   0x00000000000206d9      0x1d4 ./Drivers/STM32F4xx_HAL_Driver/Src/stm32f4xx_hal_gpio.o
 .debug_macro   0x00000000000208ad      0x1f2 ./Drivers/STM32F4xx_HAL_Driver/Src/stm32f4xx_hal_rcc.o
 .debug_macro   0x0000000000020a9f      0x1ce ./Drivers/STM32F4xx_HAL_Driver/Src/stm32f4xx_hal_rcc_ex.o
 .debug_macro   0x0000000000020c6d      0x1cf ./Drivers/STM32F4xx_HAL_Driver/Src/stm32f4xx_hal_tim.o
 .debug_macro   0x0000000000020e3c      0x1ce ./Drivers/STM32F4xx_HAL_Driver/Src/stm32f4xx_hal_tim_ex.o
 .debug_macro   0x000000000002100a      0x1cf ./Drivers/STM32F4xx_HAL_Driver/Src/stm32f4xx_hal_uart.o

.debug_line     0x0000000000000000    0x10c8a
 .debug_line    0x0000000000000000      0xa9c ./Core/Src/main.o
 .debug_line    0x0000000000000a9c      0x74c ./Core/Src/stm32f4xx_hal_msp.o
 .debug_line    0x00000000000011e8      0x789 ./Core/Src/stm32f4xx_it.o
 .debug_line    0x0000000000001971      0x748 ./Core/Src/system_stm32f4xx.o
 .debug_line    0x00000000000020b9     0x2eba ./Core/Src/tft.o
 .debug_line    0x0000000000004f73       0x88 ./Core/Startup/startup_stm32f446retx.o
 .debug_line    0x0000000000004ffb      0x9ae ./Drivers/STM32F4xx_HAL_Driver/Src/stm32f4xx_hal.o
 .debug_line    0x00000000000059a9      0xc5d ./Drivers/STM32F4xx_HAL_Driver/Src/stm32f4xx_hal_cortex.o
 .debug_line    0x0000000000006606      0xb10 ./Drivers/STM32F4xx_HAL_Driver/Src/stm32f4xx_hal_gpio.o
 .debug_line    0x0000000000007116      0xd36 ./Drivers/STM32F4xx_HAL_Driver/Src/stm32f4xx_hal_rcc.o
 .debug_line    0x0000000000007e4c     0x13bc ./Drivers/STM32F4xx_HAL_Driver/Src/stm32f4xx_hal_rcc_ex.o
 .debug_line    0x0000000000009208     0x36a2 ./Drivers/STM32F4xx_HAL_Driver/Src/stm32f4xx_hal_tim.o
 .debug_line    0x000000000000c8aa     0x19ab ./Drivers/STM32F4xx_HAL_Driver/Src/stm32f4xx_hal_tim_ex.o
 .debug_line    0x000000000000e255     0x2a35 ./Drivers/STM32F4xx_HAL_Driver/Src/stm32f4xx_hal_uart.o

.debug_str      0x0000000000000000    0xd217c
 .debug_str     0x0000000000000000    0xcdfcf ./Core/Src/main.o
                                      0xce3fc (size before relaxing)
 .debug_str     0x00000000000cdfcf       0x8c ./Core/Src/stm32f4xx_hal_msp.o
                                      0xc99d9 (size before relaxing)
 .debug_str     0x00000000000ce05b       0xbd ./Core/Src/stm32f4xx_it.o
                                      0xc9170 (size before relaxing)
 .debug_str     0x00000000000ce118       0xaf ./Core/Src/system_stm32f4xx.o
                                      0xc9153 (size before relaxing)
 .debug_str     0x00000000000ce1c7     0x115d ./Core/Src/tft.o
                                      0xce0ab (size before relaxing)
 .debug_str     0x00000000000cf324       0x85 ./Core/Startup/startup_stm32f446retx.o
 .debug_str     0x00000000000cf3a9      0xa8a ./Drivers/STM32F4xx_HAL_Driver/Src/stm32f4xx_hal.o
                                      0xc9c76 (size before relaxing)
 .debug_str     0x00000000000cfe33      0x399 ./Drivers/STM32F4xx_HAL_Driver/Src/stm32f4xx_hal_cortex.o
                                      0xc9a40 (size before relaxing)
 .debug_str     0x00000000000d01cc      0x150 ./Drivers/STM32F4xx_HAL_Driver/Src/stm32f4xx_hal_gpio.o
                                      0xc92fa (size before relaxing)
 .debug_str     0x00000000000d031c      0x259 ./Drivers/STM32F4xx_HAL_Driver/Src/stm32f4xx_hal_rcc.o
                                      0xc955a (size before relaxing)
 .debug_str     0x00000000000d0575      0x324 ./Drivers/STM32F4xx_HAL_Driver/Src/stm32f4xx_hal_rcc_ex.o
                                      0xc95b7 (size before relaxing)
 .debug_str     0x00000000000d0899      0xdf1 ./Drivers/STM32F4xx_HAL_Driver/Src/stm32f4xx_hal_tim.o
                                      0xca45d (size before relaxing)
 .debug_str     0x00000000000d168a      0x4ee ./Drivers/STM32F4xx_HAL_Driver/Src/stm32f4xx_hal_tim_ex.o
                                      0xc9c0e (size before relaxing)
 .debug_str     0x00000000000d1b78      0x604 ./Drivers/STM32F4xx_HAL_Driver/Src/stm32f4xx_hal_uart.o
                                      0xc9ab6 (size before relaxing)

.comment        0x0000000000000000       0x53
 .comment       0x0000000000000000       0x53 ./Core/Src/main.o
                                         0x54 (size before relaxing)
 .comment       0x0000000000000053       0x54 ./Core/Src/stm32f4xx_hal_msp.o
 .comment       0x0000000000000053       0x54 ./Core/Src/stm32f4xx_it.o
 .comment       0x0000000000000053       0x54 ./Core/Src/system_stm32f4xx.o
 .comment       0x0000000000000053       0x54 ./Core/Src/tft.o
 .comment       0x0000000000000053       0x54 ./Drivers/STM32F4xx_HAL_Driver/Src/stm32f4xx_hal.o
 .comment       0x0000000000000053       0x54 ./Drivers/STM32F4xx_HAL_Driver/Src/stm32f4xx_hal_cortex.o
 .comment       0x0000000000000053       0x54 ./Drivers/STM32F4xx_HAL_Driver/Src/stm32f4xx_hal_gpio.o
 .comment       0x0000000000000053       0x54 ./Drivers/STM32F4xx_HAL_Driver/Src/stm32f4xx_hal_rcc.o
 .comment       0x0000000000000053       0x54 ./Drivers/STM32F4xx_HAL_Driver/Src/stm32f4xx_hal_rcc_ex.o
 .comment       0x0000000000000053       0x54 ./Drivers/STM32F4xx_HAL_Driver/Src/stm32f4xx_hal_tim.o
 .comment       0x0000000000000053       0x54 ./Drivers/STM32F4xx_HAL_Driver/Src/stm32f4xx_hal_tim_ex.o
 .comment       0x0000000000000053       0x54 ./Drivers/STM32F4xx_HAL_Driver/Src/stm32f4xx_hal_uart.o

.debug_frame    0x0000000000000000     0x3fa0
 .debug_frame   0x0000000000000000       0xd0 ./Core/Src/main.o
 .debug_frame   0x00000000000000d0       0xcc ./Core/Src/stm32f4xx_hal_msp.o
 .debug_frame   0x000000000000019c      0x104 ./Core/Src/stm32f4xx_it.o
 .debug_frame   0x00000000000002a0       0x58 ./Core/Src/system_stm32f4xx.o
 .debug_frame   0x00000000000002f8      0xda4 ./Core/Src/tft.o
 .debug_frame   0x000000000000109c      0x374 ./Drivers/STM32F4xx_HAL_Driver/Src/stm32f4xx_hal.o
 .debug_frame   0x0000000000001410      0x498 ./Drivers/STM32F4xx_HAL_Driver/Src/stm32f4xx_hal_cortex.o
 .debug_frame   0x00000000000018a8      0x14c ./Drivers/STM32F4xx_HAL_Driver/Src/stm32f4xx_hal_gpio.o
 .debug_frame   0x00000000000019f4      0x1f0 ./Drivers/STM32F4xx_HAL_Driver/Src/stm32f4xx_hal_rcc.o
 .debug_frame   0x0000000000001be4      0x1e8 ./Drivers/STM32F4xx_HAL_Driver/Src/stm32f4xx_hal_rcc_ex.o
 .debug_frame   0x0000000000001dcc     0x11c4 ./Drivers/STM32F4xx_HAL_Driver/Src/stm32f4xx_hal_tim.o
 .debug_frame   0x0000000000002f90      0x638 ./Drivers/STM32F4xx_HAL_Driver/Src/stm32f4xx_hal_tim_ex.o
 .debug_frame   0x00000000000035c8      0x92c ./Drivers/STM32F4xx_HAL_Driver/Src/stm32f4xx_hal_uart.o
 .debug_frame   0x0000000000003ef4       0x2c c:/st/stm32cubeide_1.8.0/stm32cubeide/plugins/com.st.stm32cube.ide.mcu.externaltools.gnu-tools-for-stm32.9-2020-q2-update.win32_2.0.0.202105311346/tools/bin/../lib/gcc/arm-none-eabi/9.3.1/../../../../arm-none-eabi/lib/thumb/v7e-m+fp/hard\libc_nano.a(lib_a-init.o)
 .debug_frame   0x0000000000003f20       0x20 c:/st/stm32cubeide_1.8.0/stm32cubeide/plugins/com.st.stm32cube.ide.mcu.externaltools.gnu-tools-for-stm32.9-2020-q2-update.win32_2.0.0.202105311346/tools/bin/../lib/gcc/arm-none-eabi/9.3.1/../../../../arm-none-eabi/lib/thumb/v7e-m+fp/hard\libc_nano.a(lib_a-memset.o)
 .debug_frame   0x0000000000003f40       0x2c c:/st/stm32cubeide_1.8.0/stm32cubeide/plugins/com.st.stm32cube.ide.mcu.externaltools.gnu-tools-for-stm32.9-2020-q2-update.win32_2.0.0.202105311346/tools/bin/../lib/gcc/arm-none-eabi/9.3.1/thumb/v7e-m+fp/hard\libgcc.a(_aeabi_uldivmod.o)
 .debug_frame   0x0000000000003f6c       0x34 c:/st/stm32cubeide_1.8.0/stm32cubeide/plugins/com.st.stm32cube.ide.mcu.externaltools.gnu-tools-for-stm32.9-2020-q2-update.win32_2.0.0.202105311346/tools/bin/../lib/gcc/arm-none-eabi/9.3.1/thumb/v7e-m+fp/hard\libgcc.a(_udivmoddi4.o)
