tft.c:80:6:PIN_LOW	0	static
tft.c:85:6:PIN_HIGH	0	static
tft.c:326:13:writecmddata	40	static
tft.c:335:13:WriteCmdParamN	40	static
tft.c:315:13:write24	48	static
tft.c:277:13:pushColors_any	48	static
tft.c:90:6:PIN_INPUT	32	static
tft.c:100:6:PIN_OUTPUT	32	static
tft.c:168:10:width	0	static
tft.c:171:10:height	0	static
tft.c:202:10:color565	0	static
tft.c:211:6:WriteCmdData	0	static
tft.c:219:6:pushCommand	0	static
tft.c:250:6:setReadDir	8	static
tft.c:262:6:setWriteDir	8	static
tft.c:2864:6:setAddrWindow	32	static
tft.c:2617:9:readGRAM	96	static
tft.c:203:10:readPixel	24	static
tft.c:2849:6:drawPixel	8	static
tft.c:2908:6:vertScroll	32	static
tft.c:2684:6:setRotation	56	static
tft.c:2986:6:pushColors16b	16	static
tft.c:2990:6:pushColors8b	16	static
tft.c:2994:6:pushColors4n	16	static
tft.c:3006:6:invertDisplay	8	static
tft.c:3063:6:writePixel	0	static
tft.c:3069:6:writeLine	48	static
tft.c:3124:6:drawCircle	56	static
tft.c:3159:6:drawCircleHelper	56	static
tft.c:3250:6:fillRect	64	static
tft.c:3000:6:fillScreen	16	static
tft.c:3053:7:drawFastVLine	16	static
tft.c:3203:6:fillCircleHelper	64	static
tft.c:3196:6:fillCircle	32	static
tft.c:3057:7:drawFastHLine	16	static
tft.c:3110:6:drawLine	16	static
tft.c:3241:6:drawRect	32	static
tft.c:3339:6:drawRoundRect	64	static
tft.c:3356:6:fillRoundRect	56	static
tft.c:3368:6:drawTriangle	40	static
tft.c:3376:6:fillTriangle	80	static
tft.c:3455:6:testFillScreen	8	static
tft.c:3465:6:testLines	48	static
tft.c:3509:6:testFastLines	32	static
tft.c:3519:6:testRects	40	static
tft.c:3534:6:testFilledRects	56	static
tft.c:3552:6:testFilledCircles	48	static
tft.c:3566:6:testCircles	40	static
tft.c:3583:6:testTriangles	48	static
tft.c:3600:6:testFilledTriangles	64	static
tft.c:3614:6:testRoundRects	40	static
tft.c:3632:6:testFilledRoundRects	32	static
tft.c:3651:6:drawChar	104	static
tft.c:3702:8:write	32	static
tft.c:3740:8:write_fillbackground	56	static
tft.c:3820:6:setFont	0	static
tft.c:3849:6:charBounds	48	static
tft.c:3920:6:getTextBounds	56	static
tft.c:3953:6:printnewtstr	16	static
tft.c:3974:6:printnewtstr_bc	16	static
tft.c:3992:6:printstr	8	static
tft.c:4003:6:printstr_bc	8	static
tft.c:4015:6:setTextWrap	0	static
tft.c:4026:6:setTextColor	0	static
tft.c:4037:6:setTextBackColor	0	static
tft.c:4043:6:setTextSize	0	static
tft.c:4049:6:setCursor	0	static
tft.c:4052:9:getRotation	0	static
tft.c:4088:6:delay	0	static
tft.c:403:6:reset	24	static
tft.c:431:10:readReg	88	static
tft.c:450:10:readReg32	16	static
tft.c:458:10:readReg40	16	static
tft.c:2519:10:readID	16	static
tft.c:387:13:init_table16	16	static
tft.c:362:13:init_table	40	static
tft.c:467:6:tft_init	32	static
tft.c:4058:6:scrollup	32	static
tft.c:4072:6:scrolldown	32	static
tft.c:4098:6:desenhaPixel	32	static
tft.c:4104:6:inicioDados	32	static
tft.c:4111:6:fimDados	0	static
tft.c:4118:6:tft_gpio_init	32	static
tft.c:4165:6:drawRGBBitmap	56	static
